Archive member included to satisfy reference by file (symbol)

c:/st/stm32cubeide_1.12.1/stm32cubeide/plugins/com.st.stm32cube.ide.mcu.externaltools.gnu-tools-for-stm32.10.3-2021.10.win32_1.0.200.202301161003/tools/bin/../lib/gcc/arm-none-eabi/10.3.1/../../../../arm-none-eabi/lib/thumb/v7e-m+fp/hard\libc_nano.a(lib_a-exit.o)
                              c:/st/stm32cubeide_1.12.1/stm32cubeide/plugins/com.st.stm32cube.ide.mcu.externaltools.gnu-tools-for-stm32.10.3-2021.10.win32_1.0.200.202301161003/tools/bin/../lib/gcc/arm-none-eabi/10.3.1/../../../../arm-none-eabi/lib/thumb/v7e-m+fp/hard/crt0.o (exit)
c:/st/stm32cubeide_1.12.1/stm32cubeide/plugins/com.st.stm32cube.ide.mcu.externaltools.gnu-tools-for-stm32.10.3-2021.10.win32_1.0.200.202301161003/tools/bin/../lib/gcc/arm-none-eabi/10.3.1/../../../../arm-none-eabi/lib/thumb/v7e-m+fp/hard\libc_nano.a(lib_a-impure.o)
                              c:/st/stm32cubeide_1.12.1/stm32cubeide/plugins/com.st.stm32cube.ide.mcu.externaltools.gnu-tools-for-stm32.10.3-2021.10.win32_1.0.200.202301161003/tools/bin/../lib/gcc/arm-none-eabi/10.3.1/../../../../arm-none-eabi/lib/thumb/v7e-m+fp/hard\libc_nano.a(lib_a-exit.o) (_global_impure_ptr)
c:/st/stm32cubeide_1.12.1/stm32cubeide/plugins/com.st.stm32cube.ide.mcu.externaltools.gnu-tools-for-stm32.10.3-2021.10.win32_1.0.200.202301161003/tools/bin/../lib/gcc/arm-none-eabi/10.3.1/../../../../arm-none-eabi/lib/thumb/v7e-m+fp/hard\libc_nano.a(lib_a-init.o)
                              c:/st/stm32cubeide_1.12.1/stm32cubeide/plugins/com.st.stm32cube.ide.mcu.externaltools.gnu-tools-for-stm32.10.3-2021.10.win32_1.0.200.202301161003/tools/bin/../lib/gcc/arm-none-eabi/10.3.1/../../../../arm-none-eabi/lib/thumb/v7e-m+fp/hard/crt0.o (__libc_init_array)
c:/st/stm32cubeide_1.12.1/stm32cubeide/plugins/com.st.stm32cube.ide.mcu.externaltools.gnu-tools-for-stm32.10.3-2021.10.win32_1.0.200.202301161003/tools/bin/../lib/gcc/arm-none-eabi/10.3.1/../../../../arm-none-eabi/lib/thumb/v7e-m+fp/hard\libc_nano.a(lib_a-memcpy-stub.o)
                              ./FreeRTOS/Source/queue.o (memcpy)
c:/st/stm32cubeide_1.12.1/stm32cubeide/plugins/com.st.stm32cube.ide.mcu.externaltools.gnu-tools-for-stm32.10.3-2021.10.win32_1.0.200.202301161003/tools/bin/../lib/gcc/arm-none-eabi/10.3.1/../../../../arm-none-eabi/lib/thumb/v7e-m+fp/hard\libc_nano.a(lib_a-memset.o)
                              c:/st/stm32cubeide_1.12.1/stm32cubeide/plugins/com.st.stm32cube.ide.mcu.externaltools.gnu-tools-for-stm32.10.3-2021.10.win32_1.0.200.202301161003/tools/bin/../lib/gcc/arm-none-eabi/10.3.1/../../../../arm-none-eabi/lib/thumb/v7e-m+fp/hard/crt0.o (memset)
c:/st/stm32cubeide_1.12.1/stm32cubeide/plugins/com.st.stm32cube.ide.mcu.externaltools.gnu-tools-for-stm32.10.3-2021.10.win32_1.0.200.202301161003/tools/bin/../lib/gcc/arm-none-eabi/10.3.1/../../../../arm-none-eabi/lib/thumb/v7e-m+fp/hard\libnosys.a(_exit.o)
                              c:/st/stm32cubeide_1.12.1/stm32cubeide/plugins/com.st.stm32cube.ide.mcu.externaltools.gnu-tools-for-stm32.10.3-2021.10.win32_1.0.200.202301161003/tools/bin/../lib/gcc/arm-none-eabi/10.3.1/../../../../arm-none-eabi/lib/thumb/v7e-m+fp/hard\libc_nano.a(lib_a-exit.o) (_exit)

Discarded input sections

 .text          0x0000000000000000        0x0 c:/st/stm32cubeide_1.12.1/stm32cubeide/plugins/com.st.stm32cube.ide.mcu.externaltools.gnu-tools-for-stm32.10.3-2021.10.win32_1.0.200.202301161003/tools/bin/../lib/gcc/arm-none-eabi/10.3.1/thumb/v7e-m+fp/hard/crti.o
 .data          0x0000000000000000        0x0 c:/st/stm32cubeide_1.12.1/stm32cubeide/plugins/com.st.stm32cube.ide.mcu.externaltools.gnu-tools-for-stm32.10.3-2021.10.win32_1.0.200.202301161003/tools/bin/../lib/gcc/arm-none-eabi/10.3.1/thumb/v7e-m+fp/hard/crti.o
 .bss           0x0000000000000000        0x0 c:/st/stm32cubeide_1.12.1/stm32cubeide/plugins/com.st.stm32cube.ide.mcu.externaltools.gnu-tools-for-stm32.10.3-2021.10.win32_1.0.200.202301161003/tools/bin/../lib/gcc/arm-none-eabi/10.3.1/thumb/v7e-m+fp/hard/crti.o
 .data          0x0000000000000000        0x4 c:/st/stm32cubeide_1.12.1/stm32cubeide/plugins/com.st.stm32cube.ide.mcu.externaltools.gnu-tools-for-stm32.10.3-2021.10.win32_1.0.200.202301161003/tools/bin/../lib/gcc/arm-none-eabi/10.3.1/thumb/v7e-m+fp/hard/crtbegin.o
 .rodata        0x0000000000000000       0x24 c:/st/stm32cubeide_1.12.1/stm32cubeide/plugins/com.st.stm32cube.ide.mcu.externaltools.gnu-tools-for-stm32.10.3-2021.10.win32_1.0.200.202301161003/tools/bin/../lib/gcc/arm-none-eabi/10.3.1/thumb/v7e-m+fp/hard/crtbegin.o
 .text          0x0000000000000000       0x7c c:/st/stm32cubeide_1.12.1/stm32cubeide/plugins/com.st.stm32cube.ide.mcu.externaltools.gnu-tools-for-stm32.10.3-2021.10.win32_1.0.200.202301161003/tools/bin/../lib/gcc/arm-none-eabi/10.3.1/../../../../arm-none-eabi/lib/thumb/v7e-m+fp/hard/crt0.o
[...]
Memory Configuration

Name             Origin             Length             Attributes
RAM              0x0000000020000000 0x0000000000018000 xrw
FLASH            0x0000000008000000 0x0000000000080000 xr
*default*        0x0000000000000000 0xffffffffffffffff

Linker script and memory map

LOAD c:/st/stm32cubeide_1.12.1/stm32cubeide/plugins/com.st.stm32cube.ide.mcu.externaltools.gnu-tools-for-stm32.10.3-2021.10.win32_1.0.200.202301161003/tools/bin/../lib/gcc/arm-none-eabi/10.3.1/thumb/v7e-m+fp/hard/crti.o
LOAD c:/st/stm32cubeide_1.12.1/stm32cubeide/plugins/com.st.stm32cube.ide.mcu.externaltools.gnu-tools-for-stm32.10.3-2021.10.win32_1.0.200.202301161003/tools/bin/../lib/gcc/arm-none-eabi/10.3.1/thumb/v7e-m+fp/hard/crtbegin.o
LOAD c:/st/stm32cubeide_1.12.1/stm32cubeide/plugins/com.st.stm32cube.ide.mcu.externaltools.gnu-tools-for-stm32.10.3-2021.10.win32_1.0.200.202301161003/tools/bin/../lib/gcc/arm-none-eabi/10.3.1/../../../../arm-none-eabi/lib/thumb/v7e-m+fp/hard/crt0.o
LOAD ./FreeRTOS/Source/croutine.o
LOAD ./FreeRTOS/Source/event_groups.o
LOAD ./FreeRTOS/Source/list.o
LOAD ./FreeRTOS/Source/queue.o
LOAD ./FreeRTOS/Source/stream_buffer.o
LOAD ./FreeRTOS/Source/tasks.o
LOAD ./FreeRTOS/Source/timers.o
LOAD ./FreeRTOS/Source/portable/GCC/ARM_CM4F/port.o
LOAD ./FreeRTOS/Source/portable/MemMang/heap_4.o
LOAD ./Src/DMA_program.o
LOAD ./Src/GPIO_program.o
LOAD ./Src/NVIC_program.o
LOAD ./Src/RCC_prog.o
LOAD ./Src/STK_program.o
LOAD ./Src/Task_Scheduler_program.o
LOAD ./Src/main.o
LOAD ./Startup/startup_stm32f401retx.o
START GROUP
LOAD c:/st/stm32cubeide_1.12.1/stm32cubeide/plugins/com.st.stm32cube.ide.mcu.externaltools.gnu-tools-for-stm32.10.3-2021.10.win32_1.0.200.202301161003/tools/bin/../lib/gcc/arm-none-eabi/10.3.1/../../../../arm-none-eabi/lib/thumb/v7e-m+fp/hard\libc_nano.a
LOAD c:/st/stm32cubeide_1.12.1/stm32cubeide/plugins/com.st.stm32cube.ide.mcu.externaltools.gnu-tools-for-stm32.10.3-2021.10.win32_1.0.200.202301161003/tools/bin/../lib/gcc/arm-none-eabi/10.3.1/../../../../arm-none-eabi/lib/thumb/v7e-m+fp/hard\libm.a
END GROUP
START GROUP
LOAD c:/st/stm32cubeide_1.12.1/stm32cubeide/plugins/com.st.stm32cube.ide.mcu.externaltools.gnu-tools-for-stm32.10.3-2021.10.win32_1.0.200.202301161003/tools/bin/../lib/gcc/arm-none-eabi/10.3.1/thumb/v7e-m+fp/hard\libgcc.a
LOAD c:/st/stm32cubeide_1.12.1/stm32cubeide/plugins/com.st.stm32cube.ide.mcu.externaltools.gnu-tools-for-stm32.10.3-2021.10.win32_1.0.200.202301161003/tools/bin/../lib/gcc/arm-none-eabi/10.3.1/../../../../arm-none-eabi/lib/thumb/v7e-m+fp/hard\libc_nano.a
END GROUP
START GROUP
LOAD c:/st/stm32cubeide_1.12.1/stm32cubeide/plugins/com.st.stm32cube.ide.mcu.externaltools.gnu-tools-for-stm32.10.3-2021.10.win32_1.0.200.202301161003/tools/bin/../lib/gcc/arm-none-eabi/10.3.1/thumb/v7e-m+fp/hard\libgcc.a
LOAD c:/st/stm32cubeide_1.12.1/stm32cubeide/plugins/com.st.stm32cube.ide.mcu.externaltools.gnu-tools-for-stm32.10.3-2021.10.win32_1.0.200.202301161003/tools/bin/../lib/gcc/arm-none-eabi/10.3.1/../../../../arm-none-eabi/lib/thumb/v7e-m+fp/hard\libc_nano.a
LOAD c:/st/stm32cubeide_1.12.1/stm32cubeide/plugins/com.st.stm32cube.ide.mcu.externaltools.gnu-tools-for-stm32.10.3-2021.10.win32_1.0.200.202301161003/tools/bin/../lib/gcc/arm-none-eabi/10.3.1/../../../../arm-none-eabi/lib/thumb/v7e-m+fp/hard\libnosys.a
END GROUP
START GROUP
LOAD c:/st/stm32cubeide_1.12.1/stm32cubeide/plugins/com.st.stm32cube.ide.mcu.externaltools.gnu-tools-for-stm32.10.3-2021.10.win32_1.0.200.202301161003/tools/bin/../lib/gcc/arm-none-eabi/10.3.1/thumb/v7e-m+fp/hard\libgcc.a
LOAD c:/st/stm32cubeide_1.12.1/stm32cubeide/plugins/com.st.stm32cube.ide.mcu.externaltools.gnu-tools-for-stm32.10.3-2021.10.win32_1.0.200.202301161003/tools/bin/../lib/gcc/arm-none-eabi/10.3.1/../../../../arm-none-eabi/lib/thumb/v7e-m+fp/hard\libc_nano.a
LOAD c:/st/stm32cubeide_1.12.1/stm32cubeide/plugins/com.st.stm32cube.ide.mcu.externaltools.gnu-tools-for-stm32.10.3-2021.10.win32_1.0.200.202301161003/tools/bin/../lib/gcc/arm-none-eabi/10.3.1/../../../../arm-none-eabi/lib/thumb/v7e-m+fp/hard\libnosys.a
END GROUP
LOAD c:/st/stm32cubeide_1.12.1/stm32cubeide/plugins/com.st.stm32cube.ide.mcu.externaltools.gnu-tools-for-stm32.10.3-2021.10.win32_1.0.200.202301161003/tools/bin/../lib/gcc/arm-none-eabi/10.3.1/thumb/v7e-m+fp/hard/crtend.o
LOAD c:/st/stm32cubeide_1.12.1/stm32cubeide/plugins/com.st.stm32cube.ide.mcu.externaltools.gnu-tools-for-stm32.10.3-2021.10.win32_1.0.200.202301161003/tools/bin/../lib/gcc/arm-none-eabi/10.3.1/thumb/v7e-m+fp/hard/crtn.o
                0x0000000020018000                _estack = (ORIGIN (RAM) + LENGTH (RAM))
                0x0000000000000200                _Min_Heap_Size = 0x200
                0x0000000000000400                _Min_Stack_Size = 0x400

.isr_vector     0x0000000008000000      0x194
                0x0000000008000000                . = ALIGN (0x4)
 *(.isr_vector)
 .isr_vector    0x0000000008000000      0x194 ./Startup/startup_stm32f401retx.o
                0x0000000008000000                g_pfnVectors
                0x0000000008000194                . = ALIGN (0x4)

.text           0x00000000080001a0     0x253c
                0x00000000080001a0                . = ALIGN (0x4)
 *(.text)
 .text          0x00000000080001a0       0x40 c:/st/stm32cubeide_1.12.1/stm32cubeide/plugins/com.st.stm32cube.ide.mcu.externaltools.gnu-tools-for-stm32.10.3-2021.10.win32_1.0.200.202301161003/tools/bin/../lib/gcc/arm-none-eabi/10.3.1/thumb/v7e-m+fp/hard/crtbegin.o
 *(.text*)
 .text.xEventGroupCreate
                0x00000000080001e0       0x2e ./FreeRTOS/Source/event_groups.o
                0x00000000080001e0                xEventGroupCreate
 .text.xEventGroupClearBits
                0x000000000800020e       0x70 ./FreeRTOS/Source/event_groups.o
                0x000000000800020e                xEventGroupClearBits
 .text.xEventGroupSetBits
                0x000000000800027e      0x116 ./FreeRTOS/Source/event_groups.o
                0x000000000800027e                xEventGroupSetBits
 .text.vListInitialise
                0x0000000008000394       0x40 ./FreeRTOS/Source/list.o
                0x0000000008000394                vListInitialise
 .text.vListInitialiseItem
                0x00000000080003d4       0x1a ./FreeRTOS/Source/list.o
                0x00000000080003d4                vListInitialiseItem
 .text.vListInsert
                0x00000000080003ee       0x72 ./FreeRTOS/Source/list.o
                0x00000000080003ee                vListInsert
 .text.uxListRemove
                0x0000000008000460       0x54 ./FreeRTOS/Source/list.o
                0x0000000008000460                uxListRemove
 .text.xQueueGenericReset
                0x00000000080004b4      0x120 ./FreeRTOS/Source/queue.o
                0x00000000080004b4                xQueueGenericReset
 .text.xQueueGenericCreate
                0x00000000080005d4       0x9c ./FreeRTOS/Source/queue.o
                0x00000000080005d4                xQueueGenericCreate
 .text.prvInitialiseNewQueue
                0x0000000008000670       0x3e ./FreeRTOS/Source/queue.o
 *fill*         0x00000000080006ae        0x2 
 .text.xQueueGenericSend
                0x00000000080006b0      0x1cc ./FreeRTOS/Source/queue.o
                0x00000000080006b0                xQueueGenericSend
 .text.prvCopyDataToQueue
                0x000000000800087c       0xd4 ./FreeRTOS/Source/queue.o
 .text.prvUnlockQueue
                0x0000000008000950       0xa4 ./FreeRTOS/Source/queue.o
 .text.prvIsQueueFull
                0x00000000080009f4       0x30 ./FreeRTOS/Source/queue.o
 .text.xTaskCreate
                0x0000000008000a24       0x8c ./FreeRTOS/Source/tasks.o
                0x0000000008000a24                xTaskCreate
 .text.prvInitialiseNewTask
                0x0000000008000ab0      0x10c ./FreeRTOS/Source/tasks.o
 .text.prvAddNewTaskToReadyList
                0x0000000008000bbc      0x124 ./FreeRTOS/Source/tasks.o
 .text.xTaskDelayUntil
                0x0000000008000ce0       0xfc ./FreeRTOS/Source/tasks.o
                0x0000000008000ce0                xTaskDelayUntil
 .text.vTaskStartScheduler
                0x0000000008000ddc       0x98 ./FreeRTOS/Source/tasks.o
                0x0000000008000ddc                vTaskStartScheduler
 .text.vTaskSuspendAll
                0x0000000008000e74       0x1c ./FreeRTOS/Source/tasks.o
                0x0000000008000e74                vTaskSuspendAll
 .text.xTaskResumeAll
                0x0000000008000e90      0x1f8 ./FreeRTOS/Source/tasks.o
                0x0000000008000e90                xTaskResumeAll
 .text.xTaskGetTickCount
                0x0000000008001088       0x20 ./FreeRTOS/Source/tasks.o
                0x0000000008001088                xTaskGetTickCount
 .text.xTaskIncrementTick
                0x00000000080010a8      0x22c ./FreeRTOS/Source/tasks.o
                0x00000000080010a8                xTaskIncrementTick
 .text.vTaskSwitchContext
                0x00000000080012d4       0xb8 ./FreeRTOS/Source/tasks.o
                0x00000000080012d4                vTaskSwitchContext
 .text.vTaskPlaceOnEventList
                0x000000000800138c       0x48 ./FreeRTOS/Source/tasks.o
                0x000000000800138c                vTaskPlaceOnEventList
 .text.xTaskRemoveFromEventList
                0x00000000080013d4      0x1ac ./FreeRTOS/Source/tasks.o
                0x00000000080013d4                xTaskRemoveFromEventList
 .text.vTaskRemoveFromUnorderedEventList
                0x0000000008001580      0x180 ./FreeRTOS/Source/tasks.o
                0x0000000008001580                vTaskRemoveFromUnorderedEventList
 .text.vTaskInternalSetTimeOutState
                0x0000000008001700       0x2c ./FreeRTOS/Source/tasks.o
                0x0000000008001700                vTaskInternalSetTimeOutState
 .text.xTaskCheckForTimeOut
                0x000000000800172c       0xcc ./FreeRTOS/Source/tasks.o
                0x000000000800172c                xTaskCheckForTimeOut
 .text.vTaskMissedYield
                0x00000000080017f8       0x18 ./FreeRTOS/Source/tasks.o
                0x00000000080017f8                vTaskMissedYield
 .text.prvIdleTask
                0x0000000008001810       0x30 ./FreeRTOS/Source/tasks.o
 .text.prvInitialiseTaskLists
                0x0000000008001840       0x80 ./FreeRTOS/Source/tasks.o
 .text.prvCheckTasksWaitingTermination
                0x00000000080018c0       0x5c ./FreeRTOS/Source/tasks.o
 .text.prvDeleteTCB
                0x000000000800191c       0x20 ./FreeRTOS/Source/tasks.o
 .text.prvResetNextTaskUnblockTime
                0x000000000800193c       0x38 ./FreeRTOS/Source/tasks.o
 .text.xTaskPriorityDisinherit
                0x0000000008001974      0x148 ./FreeRTOS/Source/tasks.o
                0x0000000008001974                xTaskPriorityDisinherit
 .text.prvAddCurrentTaskToDelayedList
                0x0000000008001abc      0x100 ./FreeRTOS/Source/tasks.o
 .text.pxPortInitialiseStack
                0x0000000008001bbc       0x68 ./FreeRTOS/Source/portable/GCC/ARM_CM4F/port.o
                0x0000000008001bbc                pxPortInitialiseStack
 .text.prvTaskExitError
                0x0000000008001c24       0x58 ./FreeRTOS/Source/portable/GCC/ARM_CM4F/port.o
 *fill*         0x0000000008001c7c        0x4 
 .text.SVC_Handler
                0x0000000008001c80       0x28 ./FreeRTOS/Source/portable/GCC/ARM_CM4F/port.o
                0x0000000008001c80                SVC_Handler
 .text.prvPortStartFirstTask
                0x0000000008001ca8       0x2c ./FreeRTOS/Source/portable/GCC/ARM_CM4F/port.o
 .text.xPortStartScheduler
                0x0000000008001cd4      0x144 ./FreeRTOS/Source/portable/GCC/ARM_CM4F/port.o
                0x0000000008001cd4                xPortStartScheduler
 .text.vPortEnterCritical
                0x0000000008001e18       0x60 ./FreeRTOS/Source/portable/GCC/ARM_CM4F/port.o
                0x0000000008001e18                vPortEnterCritical
 .text.vPortExitCritical
                0x0000000008001e78       0x54 ./FreeRTOS/Source/portable/GCC/ARM_CM4F/port.o
                0x0000000008001e78                vPortExitCritical
 *fill*         0x0000000008001ecc        0x4 
 .text.PendSV_Handler
                0x0000000008001ed0       0x68 ./FreeRTOS/Source/portable/GCC/ARM_CM4F/port.o
                0x0000000008001ed0                PendSV_Handler
 .text.SysTick_Handler
                0x0000000008001f38       0x44 ./FreeRTOS/Source/portable/GCC/ARM_CM4F/port.o
                0x0000000008001f38                SysTick_Handler
 .text.vPortSetupTimerInterrupt
                0x0000000008001f7c       0x34 ./FreeRTOS/Source/portable/GCC/ARM_CM4F/port.o
                0x0000000008001f7c                vPortSetupTimerInterrupt
 .text.vPortEnableVFP
                0x0000000008001fb0       0x18 ./FreeRTOS/Source/portable/GCC/ARM_CM4F/port.o
 .text.pvPortMalloc
                0x0000000008001fc8      0x174 ./FreeRTOS/Source/portable/MemMang/heap_4.o
                0x0000000008001fc8                pvPortMalloc
 .text.vPortFree
                0x000000000800213c       0xb8 ./FreeRTOS/Source/portable/MemMang/heap_4.o
                0x000000000800213c                vPortFree
 .text.prvHeapInit
                0x00000000080021f4       0xb8 ./FreeRTOS/Source/portable/MemMang/heap_4.o
 .text.prvInsertBlockIntoFreeList
                0x00000000080022ac       0xb4 ./FreeRTOS/Source/portable/MemMang/heap_4.o
 .text.RCC_voidSysClkInit
                0x0000000008002360       0x54 ./Src/RCC_prog.o
                0x0000000008002360                RCC_voidSysClkInit
 .text.RCC_voidEnablePerClk
                0x00000000080023b4       0x8c ./Src/RCC_prog.o
                0x00000000080023b4                RCC_voidEnablePerClk
 .text.main     0x0000000008002440       0xf4 ./Src/main.o
                0x0000000008002440                main
 .text.PushButton
                0x0000000008002534       0x5c ./Src/main.o
                0x0000000008002534                PushButton
 .text.Led      0x0000000008002590       0x5c ./Src/main.o
                0x0000000008002590                Led
 .text.EXTI0_IRQHandler
                0x00000000080025ec        0xe ./Src/main.o
                0x00000000080025ec                EXTI0_IRQHandler
 *fill*         0x00000000080025fa        0x2 
 .text.Reset_Handler
                0x00000000080025fc       0x50 ./Startup/startup_stm32f401retx.o
                0x00000000080025fc                Reset_Handler
 .text.Default_Handler
                0x000000000800264c        0x2 ./Startup/startup_stm32f401retx.o
                0x000000000800264c                EXTI2_IRQHandler
                0x000000000800264c                DebugMon_Handler
                0x000000000800264c                SPI4_IRQHandler
                0x000000000800264c                TIM1_CC_IRQHandler
                0x000000000800264c                DMA2_Stream5_IRQHandler
                0x000000000800264c                HardFault_Handler
                0x000000000800264c                DMA1_Stream5_IRQHandler
                0x000000000800264c                SDIO_IRQHandler
                0x000000000800264c                TAMP_STAMP_IRQHandler
                0x000000000800264c                NMI_Handler
                0x000000000800264c                EXTI3_IRQHandler
                0x000000000800264c                TIM1_UP_TIM10_IRQHandler
                0x000000000800264c                I2C3_ER_IRQHandler
                0x000000000800264c                EXTI18_OTG_FS_WKUP_IRQHandler
                0x000000000800264c                I2C2_EV_IRQHandler
                0x000000000800264c                DMA1_Stream2_IRQHandler
                0x000000000800264c                UsageFault_Handler
                0x000000000800264c                DMA2_Stream2_IRQHandler
                0x000000000800264c                SPI1_IRQHandler
                0x000000000800264c                TIM1_BRK_TIM9_IRQHandler
                0x000000000800264c                DMA2_Stream3_IRQHandler
                0x000000000800264c                USART6_IRQHandler
                0x000000000800264c                DMA2_Stream0_IRQHandler
                0x000000000800264c                TIM4_IRQHandler
                0x000000000800264c                I2C1_EV_IRQHandler
                0x000000000800264c                DMA1_Stream6_IRQHandler
                0x000000000800264c                DMA1_Stream1_IRQHandler
                0x000000000800264c                TIM3_IRQHandler
                0x000000000800264c                RCC_IRQHandler
                0x000000000800264c                Default_Handler
                0x000000000800264c                EXTI15_10_IRQHandler
                0x000000000800264c                ADC_IRQHandler
                0x000000000800264c                DMA1_Stream7_IRQHandler
                0x000000000800264c                TIM5_IRQHandler
                0x000000000800264c                DMA2_Stream7_IRQHandler
                0x000000000800264c                I2C3_EV_IRQHandler
                0x000000000800264c                EXTI9_5_IRQHandler
                0x000000000800264c                SPI2_IRQHandler
                0x000000000800264c                MemManage_Handler
                0x000000000800264c                DMA1_Stream0_IRQHandler
                0x000000000800264c                EXTI4_IRQHandler
                0x000000000800264c                EXTI22_RTC_WKUP_IRQHandler
                0x000000000800264c                TIM2_IRQHandler
                0x000000000800264c                EXTI16_PVD_IRQHandler
                0x000000000800264c                TIM1_TRG_COM_TIM11_IRQHandler
                0x000000000800264c                EXTI1_IRQHandler
                0x000000000800264c                EXTI17_RTC_Alarm_IRQHandler
                0x000000000800264c                USART2_IRQHandler
                0x000000000800264c                I2C2_ER_IRQHandler
                0x000000000800264c                DMA2_Stream1_IRQHandler
                0x000000000800264c                FLASH_IRQHandler
                0x000000000800264c                DMA2_Stream4_IRQHandler
                0x000000000800264c                BusFault_Handler
                0x000000000800264c                USART1_IRQHandler
                0x000000000800264c                OTG_FS_IRQHandler
                0x000000000800264c                SPI3_IRQHandler
                0x000000000800264c                DMA1_Stream4_IRQHandler
                0x000000000800264c                I2C1_ER_IRQHandler
                0x000000000800264c                DMA2_Stream6_IRQHandler
                0x000000000800264c                DMA1_Stream3_IRQHandler
 *fill*         0x000000000800264e        0x2 
 .text.__libc_init_array
                0x0000000008002650       0x48 c:/st/stm32cubeide_1.12.1/stm32cubeide/plugins/com.st.stm32cube.ide.mcu.externaltools.gnu-tools-for-stm32.10.3-2021.10.win32_1.0.200.202301161003/tools/bin/../lib/gcc/arm-none-eabi/10.3.1/../../../../arm-none-eabi/lib/thumb/v7e-m+fp/hard\libc_nano.a(lib_a-init.o)
                0x0000000008002650                __libc_init_array
 .text.memcpy   0x0000000008002698       0x1c c:/st/stm32cubeide_1.12.1/stm32cubeide/plugins/com.st.stm32cube.ide.mcu.externaltools.gnu-tools-for-stm32.10.3-2021.10.win32_1.0.200.202301161003/tools/bin/../lib/gcc/arm-none-eabi/10.3.1/../../../../arm-none-eabi/lib/thumb/v7e-m+fp/hard\libc_nano.a(lib_a-memcpy-stub.o)
                0x0000000008002698                memcpy
 .text.memset   0x00000000080026b4       0x10 c:/st/stm32cubeide_1.12.1/stm32cubeide/plugins/com.st.stm32cube.ide.mcu.externaltools.gnu-tools-for-stm32.10.3-2021.10.win32_1.0.200.202301161003/tools/bin/../lib/gcc/arm-none-eabi/10.3.1/../../../../arm-none-eabi/lib/thumb/v7e-m+fp/hard\libc_nano.a(lib_a-memset.o)
                0x00000000080026b4                memset
 *(.glue_7)
 .glue_7        0x00000000080026c4        0x0 linker stubs
 *(.glue_7t)
 .glue_7t       0x00000000080026c4        0x0 linker stubs
 *(.eh_frame)
 .eh_frame      0x00000000080026c4        0x0 c:/st/stm32cubeide_1.12.1/stm32cubeide/plugins/com.st.stm32cube.ide.mcu.externaltools.gnu-tools-for-stm32.10.3-2021.10.win32_1.0.200.202301161003/tools/bin/../lib/gcc/arm-none-eabi/10.3.1/thumb/v7e-m+fp/hard/crtbegin.o
 *(.init)
 .init          0x00000000080026c4        0x4 c:/st/stm32cubeide_1.12.1/stm32cubeide/plugins/com.st.stm32cube.ide.mcu.externaltools.gnu-tools-for-stm32.10.3-2021.10.win32_1.0.200.202301161003/tools/bin/../lib/gcc/arm-none-eabi/10.3.1/thumb/v7e-m+fp/hard/crti.o
                0x00000000080026c4                _init
 .init          0x00000000080026c8        0x8 c:/st/stm32cubeide_1.12.1/stm32cubeide/plugins/com.st.stm32cube.ide.mcu.externaltools.gnu-tools-for-stm32.10.3-2021.10.win32_1.0.200.202301161003/tools/bin/../lib/gcc/arm-none-eabi/10.3.1/thumb/v7e-m+fp/hard/crtn.o
 *(.fini)
 .fini          0x00000000080026d0        0x4 c:/st/stm32cubeide_1.12.1/stm32cubeide/plugins/com.st.stm32cube.ide.mcu.externaltools.gnu-tools-for-stm32.10.3-2021.10.win32_1.0.200.202301161003/tools/bin/../lib/gcc/arm-none-eabi/10.3.1/thumb/v7e-m+fp/hard/crti.o
                0x00000000080026d0                _fini
 .fini          0x00000000080026d4        0x8 c:/st/stm32cubeide_1.12.1/stm32cubeide/plugins/com.st.stm32cube.ide.mcu.externaltools.gnu-tools-for-stm32.10.3-2021.10.win32_1.0.200.202301161003/tools/bin/../lib/gcc/arm-none-eabi/10.3.1/thumb/v7e-m+fp/hard/crtn.o
                0x00000000080026dc                . = ALIGN (0x4)
                0x00000000080026dc                _etext = .

.vfp11_veneer   0x00000000080026dc        0x0
 .vfp11_veneer  0x00000000080026dc        0x0 linker stubs

.v4_bx          0x00000000080026dc        0x0
 .v4_bx         0x00000000080026dc        0x0 linker stubs

.iplt           0x00000000080026dc        0x0
 .iplt          0x00000000080026dc        0x0 c:/st/stm32cubeide_1.12.1/stm32cubeide/plugins/com.st.stm32cube.ide.mcu.externaltools.gnu-tools-for-stm32.10.3-2021.10.win32_1.0.200.202301161003/tools/bin/../lib/gcc/arm-none-eabi/10.3.1/thumb/v7e-m+fp/hard/crtbegin.o

.rodata         0x00000000080026dc       0x24
                0x00000000080026dc                . = ALIGN (0x4)
 *(.rodata)
 .rodata        0x00000000080026dc        0x5 ./FreeRTOS/Source/tasks.o
 *fill*         0x00000000080026e1        0x3 
 .rodata        0x00000000080026e4       0x1c ./Src/main.o
 *(.rodata*)
                0x0000000008002700                . = ALIGN (0x4)

.rel.dyn        0x0000000008002700        0x0
 .rel.iplt      0x0000000008002700        0x0 c:/st/stm32cubeide_1.12.1/stm32cubeide/plugins/com.st.stm32cube.ide.mcu.externaltools.gnu-tools-for-stm32.10.3-2021.10.win32_1.0.200.202301161003/tools/bin/../lib/gcc/arm-none-eabi/10.3.1/thumb/v7e-m+fp/hard/crtbegin.o

.ARM.extab      0x0000000008002700        0x0
                0x0000000008002700                . = ALIGN (0x4)
 *(.ARM.extab* .gnu.linkonce.armextab.*)
                0x0000000008002700                . = ALIGN (0x4)

.ARM            0x0000000008002700        0x0
                0x0000000008002700                . = ALIGN (0x4)
                0x0000000008002700                __exidx_start = .
 *(.ARM.exidx*)
                0x0000000008002700                __exidx_end = .
                0x0000000008002700                . = ALIGN (0x4)

.preinit_array  0x0000000008002700        0x0
                0x0000000008002700                . = ALIGN (0x4)
                0x0000000008002700                PROVIDE (__preinit_array_start = .)
 *(.preinit_array*)
                0x0000000008002700                PROVIDE (__preinit_array_end = .)
                0x0000000008002700                . = ALIGN (0x4)

.init_array     0x0000000008002700        0x4
                0x0000000008002700                . = ALIGN (0x4)
                0x0000000008002700                PROVIDE (__init_array_start = .)
 *(SORT_BY_NAME(.init_array.*))
 *(.init_array*)
 .init_array    0x0000000008002700        0x4 c:/st/stm32cubeide_1.12.1/stm32cubeide/plugins/com.st.stm32cube.ide.mcu.externaltools.gnu-tools-for-stm32.10.3-2021.10.win32_1.0.200.202301161003/tools/bin/../lib/gcc/arm-none-eabi/10.3.1/thumb/v7e-m+fp/hard/crtbegin.o
                0x0000000008002704                PROVIDE (__init_array_end = .)
                0x0000000008002704                . = ALIGN (0x4)

.fini_array     0x0000000008002704        0x4
                0x0000000008002704                . = ALIGN (0x4)
                [!provide]                        PROVIDE (__fini_array_start = .)
 *(SORT_BY_NAME(.fini_array.*))
 *(.fini_array*)
 .fini_array    0x0000000008002704        0x4 c:/st/stm32cubeide_1.12.1/stm32cubeide/plugins/com.st.stm32cube.ide.mcu.externaltools.gnu-tools-for-stm32.10.3-2021.10.win32_1.0.200.202301161003/tools/bin/../lib/gcc/arm-none-eabi/10.3.1/thumb/v7e-m+fp/hard/crtbegin.o
                [!provide]                        PROVIDE (__fini_array_end = .)
                0x0000000008002708                . = ALIGN (0x4)
                0x0000000008002708                _sidata = LOADADDR (.data)

.data           0x0000000020000000        0xc load address 0x0000000008002708
                0x0000000020000000                . = ALIGN (0x4)
                0x0000000020000000                _sdata = .
 *(.data)
 *(.data*)
 .data.uxTopUsedPriority
                0x0000000020000000        0x4 ./FreeRTOS/Source/tasks.o
                0x0000000020000000                uxTopUsedPriority
 .data.uxCriticalNesting
                0x0000000020000004        0x4 ./FreeRTOS/Source/portable/GCC/ARM_CM4F/port.o
 .data.ButtonState
                0x0000000020000008        0x1 ./Src/main.o
                0x0000000020000008                ButtonState
 *(.RamFunc)
 *(.RamFunc*)
                0x000000002000000c                . = ALIGN (0x4)
 *fill*         0x0000000020000009        0x3 
                0x000000002000000c                _edata = .

.igot.plt       0x000000002000000c        0x0 load address 0x0000000008002714
 .igot.plt      0x000000002000000c        0x0 c:/st/stm32cubeide_1.12.1/stm32cubeide/plugins/com.st.stm32cube.ide.mcu.externaltools.gnu-tools-for-stm32.10.3-2021.10.win32_1.0.200.202301161003/tools/bin/../lib/gcc/arm-none-eabi/10.3.1/thumb/v7e-m+fp/hard/crtbegin.o
                0x000000002000000c                . = ALIGN (0x4)

.bss            0x000000002000000c     0x1d50 load address 0x0000000008002714
                0x000000002000000c                _sbss = .
                0x000000002000000c                __bss_start__ = _sbss
 *(.bss)
 .bss           0x000000002000000c       0x1c c:/st/stm32cubeide_1.12.1/stm32cubeide/plugins/com.st.stm32cube.ide.mcu.externaltools.gnu-tools-for-stm32.10.3-2021.10.win32_1.0.200.202301161003/tools/bin/../lib/gcc/arm-none-eabi/10.3.1/thumb/v7e-m+fp/hard/crtbegin.o
 *(.bss*)
 .bss.pxCurrentTCB
                0x0000000020000028        0x4 ./FreeRTOS/Source/tasks.o
                0x0000000020000028                pxCurrentTCB
 .bss.pxReadyTasksLists
                0x000000002000002c       0x64 ./FreeRTOS/Source/tasks.o
 .bss.xDelayedTaskList1
                0x0000000020000090       0x14 ./FreeRTOS/Source/tasks.o
 .bss.xDelayedTaskList2
                0x00000000200000a4       0x14 ./FreeRTOS/Source/tasks.o
 .bss.pxDelayedTaskList
                0x00000000200000b8        0x4 ./FreeRTOS/Source/tasks.o
 .bss.pxOverflowDelayedTaskList
                0x00000000200000bc        0x4 ./FreeRTOS/Source/tasks.o
 .bss.xPendingReadyList
                0x00000000200000c0       0x14 ./FreeRTOS/Source/tasks.o
 .bss.xTasksWaitingTermination
                0x00000000200000d4       0x14 ./FreeRTOS/Source/tasks.o
 .bss.uxDeletedTasksWaitingCleanUp
                0x00000000200000e8        0x4 ./FreeRTOS/Source/tasks.o
 .bss.xSuspendedTaskList
                0x00000000200000ec       0x14 ./FreeRTOS/Source/tasks.o
 .bss.uxCurrentNumberOfTasks
                0x0000000020000100        0x4 ./FreeRTOS/Source/tasks.o
 .bss.xTickCount
                0x0000000020000104        0x4 ./FreeRTOS/Source/tasks.o
 .bss.uxTopReadyPriority
                0x0000000020000108        0x4 ./FreeRTOS/Source/tasks.o
 .bss.xSchedulerRunning
                0x000000002000010c        0x4 ./FreeRTOS/Source/tasks.o
 .bss.xPendedTicks
                0x0000000020000110        0x4 ./FreeRTOS/Source/tasks.o
 .bss.xYieldPending
                0x0000000020000114        0x4 ./FreeRTOS/Source/tasks.o
 .bss.xNumOfOverflows
                0x0000000020000118        0x4 ./FreeRTOS/Source/tasks.o
 .bss.uxTaskNumber
                0x000000002000011c        0x4 ./FreeRTOS/Source/tasks.o
 .bss.xNextTaskUnblockTime
                0x0000000020000120        0x4 ./FreeRTOS/Source/tasks.o
 .bss.xIdleTaskHandle
                0x0000000020000124        0x4 ./FreeRTOS/Source/tasks.o
 .bss.uxSchedulerSuspended
                0x0000000020000128        0x4 ./FreeRTOS/Source/tasks.o
 .bss.ucMaxSysCallPriority
                0x000000002000012c        0x1 ./FreeRTOS/Source/portable/GCC/ARM_CM4F/port.o
 *fill*         0x000000002000012d        0x3 
 .bss.ulMaxPRIGROUPValue
                0x0000000020000130        0x4 ./FreeRTOS/Source/portable/GCC/ARM_CM4F/port.o
 .bss.ucHeap    0x0000000020000134     0x1c00 ./FreeRTOS/Source/portable/MemMang/heap_4.o
 .bss.xStart    0x0000000020001d34        0x8 ./FreeRTOS/Source/portable/MemMang/heap_4.o
 .bss.pxEnd     0x0000000020001d3c        0x4 ./FreeRTOS/Source/portable/MemMang/heap_4.o
 .bss.xFreeBytesRemaining
                0x0000000020001d40        0x4 ./FreeRTOS/Source/portable/MemMang/heap_4.o
 .bss.xMinimumEverFreeBytesRemaining
                0x0000000020001d44        0x4 ./FreeRTOS/Source/portable/MemMang/heap_4.o
 .bss.xNumberOfSuccessfulAllocations
                0x0000000020001d48        0x4 ./FreeRTOS/Source/portable/MemMang/heap_4.o
 .bss.xNumberOfSuccessfulFrees
                0x0000000020001d4c        0x4 ./FreeRTOS/Source/portable/MemMang/heap_4.o
 .bss.xQueue1   0x0000000020001d50        0x4 ./Src/main.o
                0x0000000020001d50                xQueue1
 .bss.xCreatedEventGroup
                0x0000000020001d54        0x4 ./Src/main.o
                0x0000000020001d54                xCreatedEventGroup
 .bss.ButtonSemaphore
                0x0000000020001d58        0x4 ./Src/main.o
                0x0000000020001d58                ButtonSemaphore
 *(COMMON)
                0x0000000020001d5c                . = ALIGN (0x4)
                0x0000000020001d5c                _ebss = .
                0x0000000020001d5c                __bss_end__ = _ebss

._user_heap_stack
                0x0000000020001d5c      0x604 load address 0x0000000008002714
                0x0000000020001d60                . = ALIGN (0x8)
 *fill*         0x0000000020001d5c        0x4 
                [!provide]                        PROVIDE (end = .)
                [!provide]                        PROVIDE (_end = .)
                0x0000000020001f60                . = (. + _Min_Heap_Size)
 *fill*         0x0000000020001d60      0x200 
                0x0000000020002360                . = (. + _Min_Stack_Size)
 *fill*         0x0000000020001f60      0x400 
                0x0000000020002360                . = ALIGN (0x8)

/DISCARD/
 libc.a(*)
 libm.a(*)
 libgcc.a(*)

.ARM.attributes
                0x0000000000000000       0x30
 *(.ARM.attributes)
 .ARM.attributes
                0x0000000000000000       0x1e c:/st/stm32cubeide_1.12.1/stm32cubeide/plugins/com.st.stm32cube.ide.mcu.externaltools.gnu-tools-for-stm32.10.3-2021.10.win32_1.0.200.202301161003/tools/bin/../lib/gcc/arm-none-eabi/10.3.1/thumb/v7e-m+fp/hard/crti.o
 .ARM.attributes
                0x000000000000001e       0x34 c:/st/stm32cubeide_1.12.1/stm32cubeide/plugins/com.st.stm32cube.ide.mcu.externaltools.gnu-tools-for-stm32.10.3-2021.10.win32_1.0.200.202301161003/tools/bin/../lib/gcc/arm-none-eabi/10.3.1/thumb/v7e-m+fp/hard/crtbegin.o
 .ARM.attributes
                0x0000000000000052       0x34 ./FreeRTOS/Source/event_groups.o
 .ARM.attributes
                0x0000000000000086       0x34 ./FreeRTOS/Source/list.o
 .ARM.attributes
                0x00000000000000ba       0x34 ./FreeRTOS/Source/queue.o
 .ARM.attributes
                0x00000000000000ee       0x34 ./FreeRTOS/Source/tasks.o
 .ARM.attributes
                0x0000000000000122       0x34 ./FreeRTOS/Source/portable/GCC/ARM_CM4F/port.o
 .ARM.attributes
                0x0000000000000156       0x34 ./FreeRTOS/Source/portable/MemMang/heap_4.o
 .ARM.attributes
                0x000000000000018a       0x34 ./Src/RCC_prog.o
 .ARM.attributes
                0x00000000000001be       0x34 ./Src/main.o
 .ARM.attributes
                0x00000000000001f2       0x21 ./Startup/startup_stm32f401retx.o
 .ARM.attributes
                0x0000000000000213       0x34 c:/st/stm32cubeide_1.12.1/stm32cubeide/plugins/com.st.stm32cube.ide.mcu.externaltools.gnu-tools-for-stm32.10.3-2021.10.win32_1.0.200.202301161003/tools/bin/../lib/gcc/arm-none-eabi/10.3.1/../../../../arm-none-eabi/lib/thumb/v7e-m+fp/hard\libc_nano.a(lib_a-init.o)
 .ARM.attributes
                0x0000000000000247       0x34 c:/st/stm32cubeide_1.12.1/stm32cubeide/plugins/com.st.stm32cube.ide.mcu.externaltools.gnu-tools-for-stm32.10.3-2021.10.win32_1.0.200.202301161003/tools/bin/../lib/gcc/arm-none-eabi/10.3.1/../../../../arm-none-eabi/lib/thumb/v7e-m+fp/hard\libc_nano.a(lib_a-memcpy-stub.o)
 .ARM.attributes
                0x000000000000027b       0x34 c:/st/stm32cubeide_1.12.1/stm32cubeide/plugins/com.st.stm32cube.ide.mcu.externaltools.gnu-tools-for-stm32.10.3-2021.10.win32_1.0.200.202301161003/tools/bin/../lib/gcc/arm-none-eabi/10.3.1/../../../../arm-none-eabi/lib/thumb/v7e-m+fp/hard\libc_nano.a(lib_a-memset.o)
 .ARM.attributes
                0x00000000000002af       0x1e c:/st/stm32cubeide_1.12.1/stm32cubeide/plugins/com.st.stm32cube.ide.mcu.externaltools.gnu-tools-for-stm32.10.3-2021.10.win32_1.0.200.202301161003/tools/bin/../lib/gcc/arm-none-eabi/10.3.1/thumb/v7e-m+fp/hard/crtn.o
OUTPUT(GPIO_Test.elf elf32-littlearm)
LOAD linker stubs
LOAD c:/st/stm32cubeide_1.12.1/stm32cubeide/plugins/com.st.stm32cube.ide.mcu.externaltools.gnu-tools-for-stm32.10.3-2021.10.win32_1.0.200.202301161003/tools/bin/../lib/gcc/arm-none-eabi/10.3.1/../../../../arm-none-eabi/lib/thumb/v7e-m+fp/hard\libc.a
LOAD c:/st/stm32cubeide_1.12.1/stm32cubeide/plugins/com.st.stm32cube.ide.mcu.externaltools.gnu-tools-for-stm32.10.3-2021.10.win32_1.0.200.202301161003/tools/bin/../lib/gcc/arm-none-eabi/10.3.1/../../../../arm-none-eabi/lib/thumb/v7e-m+fp/hard\libm.a
LOAD c:/st/stm32cubeide_1.12.1/stm32cubeide/plugins/com.st.stm32cube.ide.mcu.externaltools.gnu-tools-for-stm32.10.3-2021.10.win32_1.0.200.202301161003/tools/bin/../lib/gcc/arm-none-eabi/10.3.1/thumb/v7e-m+fp/hard\libgcc.a

.debug_info     0x0000000000000000     0x51e5
 .debug_info    0x0000000000000000      0x918 ./FreeRTOS/Source/event_groups.o
 .debug_info    0x0000000000000918      0x2d1 ./FreeRTOS/Source/list.o
 .debug_info    0x0000000000000be9     0x14de ./FreeRTOS/Source/queue.o
 .debug_info    0x00000000000020c7     0x20e3 ./FreeRTOS/Source/tasks.o
 .debug_info    0x00000000000041aa      0x4fb ./FreeRTOS/Source/portable/GCC/ARM_CM4F/port.o
 .debug_info    0x00000000000046a5      0x556 ./FreeRTOS/Source/portable/MemMang/heap_4.o
 .debug_info    0x0000000000004bfb       0xf5 ./Src/RCC_prog.o
 .debug_info    0x0000000000004cf0      0x4d3 ./Src/main.o
 .debug_info    0x00000000000051c3       0x22 ./Startup/startup_stm32f401retx.o

.debug_abbrev   0x0000000000000000     0x1097
 .debug_abbrev  0x0000000000000000      0x291 ./FreeRTOS/Source/event_groups.o
 .debug_abbrev  0x0000000000000291       0xf2 ./FreeRTOS/Source/list.o
 .debug_abbrev  0x0000000000000383      0x2c0 ./FreeRTOS/Source/queue.o
 .debug_abbrev  0x0000000000000643      0x33b ./FreeRTOS/Source/tasks.o
 .debug_abbrev  0x000000000000097e      0x246 ./FreeRTOS/Source/portable/GCC/ARM_CM4F/port.o
 .debug_abbrev  0x0000000000000bc4      0x24e ./FreeRTOS/Source/portable/MemMang/heap_4.o
 .debug_abbrev  0x0000000000000e12       0x78 ./Src/RCC_prog.o
 .debug_abbrev  0x0000000000000e8a      0x1fb ./Src/main.o
 .debug_abbrev  0x0000000000001085       0x12 ./Startup/startup_stm32f401retx.o

.debug_aranges  0x0000000000000000      0x4c8
 .debug_aranges
                0x0000000000000000       0x68 ./FreeRTOS/Source/event_groups.o
 .debug_aranges
                0x0000000000000068       0x40 ./FreeRTOS/Source/list.o
 .debug_aranges
                0x00000000000000a8       0xe0 ./FreeRTOS/Source/queue.o
 .debug_aranges
                0x0000000000000188      0x1b0 ./FreeRTOS/Source/tasks.o
 .debug_aranges
                0x0000000000000338       0x80 ./FreeRTOS/Source/portable/GCC/ARM_CM4F/port.o
 .debug_aranges
                0x00000000000003b8       0x60 ./FreeRTOS/Source/portable/MemMang/heap_4.o
 .debug_aranges
                0x0000000000000418       0x30 ./Src/RCC_prog.o
 .debug_aranges
                0x0000000000000448       0x58 ./Src/main.o
 .debug_aranges
                0x00000000000004a0       0x28 ./Startup/startup_stm32f401retx.o

.debug_ranges   0x0000000000000000      0x440
 .debug_ranges  0x0000000000000000       0x58 ./FreeRTOS/Source/event_groups.o
 .debug_ranges  0x0000000000000058       0x30 ./FreeRTOS/Source/list.o
 .debug_ranges  0x0000000000000088       0xd0 ./FreeRTOS/Source/queue.o
 .debug_ranges  0x0000000000000158      0x1a0 ./FreeRTOS/Source/tasks.o
 .debug_ranges  0x00000000000002f8       0x70 ./FreeRTOS/Source/portable/GCC/ARM_CM4F/port.o
 .debug_ranges  0x0000000000000368       0x50 ./FreeRTOS/Source/portable/MemMang/heap_4.o
 .debug_ranges  0x00000000000003b8       0x20 ./Src/RCC_prog.o
 .debug_ranges  0x00000000000003d8       0x48 ./Src/main.o
 .debug_ranges  0x0000000000000420       0x20 ./Startup/startup_stm32f401retx.o

.debug_macro    0x0000000000000000     0x1980
 .debug_macro   0x0000000000000000      0x1e5 ./FreeRTOS/Source/event_groups.o
 .debug_macro   0x00000000000001e5       0x1e ./FreeRTOS/Source/event_groups.o
 .debug_macro   0x0000000000000203       0x4c ./FreeRTOS/Source/event_groups.o
 .debug_macro   0x000000000000024f       0x94 ./FreeRTOS/Source/event_groups.o
 .debug_macro   0x00000000000002e3       0x3c ./FreeRTOS/Source/event_groups.o
 .debug_macro   0x000000000000031f       0x34 ./FreeRTOS/Source/event_groups.o
 .debug_macro   0x0000000000000353       0x16 ./FreeRTOS/Source/event_groups.o
 .debug_macro   0x0000000000000369      0x10e ./FreeRTOS/Source/event_groups.o
 .debug_macro   0x0000000000000477       0x8d ./FreeRTOS/Source/event_groups.o
 .debug_macro   0x0000000000000504       0x16 ./FreeRTOS/Source/event_groups.o
 .debug_macro   0x000000000000051a       0x43 ./FreeRTOS/Source/event_groups.o
 .debug_macro   0x000000000000055d       0x57 ./FreeRTOS/Source/event_groups.o
 .debug_macro   0x00000000000005b4       0x34 ./FreeRTOS/Source/event_groups.o
 .debug_macro   0x00000000000005e8       0x10 ./FreeRTOS/Source/event_groups.o
 .debug_macro   0x00000000000005f8       0x58 ./FreeRTOS/Source/event_groups.o
 .debug_macro   0x0000000000000650       0x71 ./FreeRTOS/Source/event_groups.o
 .debug_macro   0x00000000000006c1       0x1c ./FreeRTOS/Source/event_groups.o
 .debug_macro   0x00000000000006dd      0x12a ./FreeRTOS/Source/event_groups.o
 .debug_macro   0x0000000000000807      0x341 ./FreeRTOS/Source/event_groups.o
 .debug_macro   0x0000000000000b48       0x16 ./FreeRTOS/Source/event_groups.o
 .debug_macro   0x0000000000000b5e       0x29 ./FreeRTOS/Source/event_groups.o
 .debug_macro   0x0000000000000b87       0x91 ./FreeRTOS/Source/event_groups.o
 .debug_macro   0x0000000000000c18       0x19 ./FreeRTOS/Source/event_groups.o
 .debug_macro   0x0000000000000c31      0x198 ./FreeRTOS/Source/list.o
 .debug_macro   0x0000000000000dc9      0x22f ./FreeRTOS/Source/queue.o
 .debug_macro   0x0000000000000ff8       0x16 ./FreeRTOS/Source/queue.o
 .debug_macro   0x000000000000100e       0x35 ./FreeRTOS/Source/queue.o
 .debug_macro   0x0000000000001043       0x20 ./FreeRTOS/Source/queue.o
 .debug_macro   0x0000000000001063       0x80 ./FreeRTOS/Source/queue.o
 .debug_macro   0x00000000000010e3      0x27e ./FreeRTOS/Source/tasks.o
 .debug_macro   0x0000000000001361       0x17 ./FreeRTOS/Source/tasks.o
 .debug_macro   0x0000000000001378      0x1a7 ./FreeRTOS/Source/portable/GCC/ARM_CM4F/port.o
 .debug_macro   0x000000000000151f      0x219 ./FreeRTOS/Source/portable/MemMang/heap_4.o
 .debug_macro   0x0000000000001738       0x3d ./Src/RCC_prog.o
 .debug_macro   0x0000000000001775       0x1c ./Src/RCC_prog.o
 .debug_macro   0x0000000000001791       0x34 ./Src/RCC_prog.o
 .debug_macro   0x00000000000017c5      0x159 ./Src/main.o
 .debug_macro   0x000000000000191e       0x62 ./Src/main.o

.debug_line     0x0000000000000000     0x58ad
 .debug_line    0x0000000000000000      0xa0a ./FreeRTOS/Source/event_groups.o
 .debug_line    0x0000000000000a0a      0x735 ./FreeRTOS/Source/list.o
 .debug_line    0x000000000000113f     0x12f4 ./FreeRTOS/Source/queue.o
 .debug_line    0x0000000000002433     0x1a5a ./FreeRTOS/Source/tasks.o
 .debug_line    0x0000000000003e8d      0x811 ./FreeRTOS/Source/portable/GCC/ARM_CM4F/port.o
 .debug_line    0x000000000000469e      0x9b9 ./FreeRTOS/Source/portable/MemMang/heap_4.o
 .debug_line    0x0000000000005057      0x120 ./Src/RCC_prog.o
 .debug_line    0x0000000000005177      0x6b2 ./Src/main.o
 .debug_line    0x0000000000005829       0x84 ./Startup/startup_stm32f401retx.o

.debug_str      0x0000000000000000    0x10908
 .debug_str     0x0000000000000000     0xcab5 ./FreeRTOS/Source/event_groups.o
                                       0xcd2e (size before relaxing)
 .debug_str     0x000000000000cab5       0x97 ./FreeRTOS/Source/list.o
                                       0xad3b (size before relaxing)
 .debug_str     0x000000000000cb4c     0x11dd ./FreeRTOS/Source/queue.o
                                       0xd243 (size before relaxing)
 .debug_str     0x000000000000dd29     0x10e5 ./FreeRTOS/Source/tasks.o
                                       0xdbc0 (size before relaxing)
 .debug_str     0x000000000000ee0e      0x7d2 ./FreeRTOS/Source/portable/GCC/ARM_CM4F/port.o
                                       0x989a (size before relaxing)
 .debug_str     0x000000000000f5e0      0x5dc ./FreeRTOS/Source/portable/MemMang/heap_4.o
                                       0xc565 (size before relaxing)
 .debug_str     0x000000000000fbbc      0x2a7 ./Src/RCC_prog.o
                                       0x3007 (size before relaxing)
 .debug_str     0x000000000000fe63      0xa74 ./Src/main.o
                                       0xad35 (size before relaxing)
 .debug_str     0x00000000000108d7       0x31 ./Startup/startup_stm32f401retx.o
                                         0x78 (size before relaxing)

.comment        0x0000000000000000       0x50
 .comment       0x0000000000000000       0x50 ./FreeRTOS/Source/event_groups.o
                                         0x51 (size before relaxing)
 .comment       0x0000000000000050       0x51 ./FreeRTOS/Source/list.o
 .comment       0x0000000000000050       0x51 ./FreeRTOS/Source/queue.o
 .comment       0x0000000000000050       0x51 ./FreeRTOS/Source/tasks.o
 .comment       0x0000000000000050       0x51 ./FreeRTOS/Source/portable/GCC/ARM_CM4F/port.o
 .comment       0x0000000000000050       0x51 ./FreeRTOS/Source/portable/MemMang/heap_4.o
 .comment       0x0000000000000050       0x51 ./Src/RCC_prog.o
 .comment       0x0000000000000050       0x51 ./Src/main.o

.debug_frame    0x0000000000000000     0x1258
 .debug_frame   0x0000000000000000      0x180 ./FreeRTOS/Source/event_groups.o
 .debug_frame   0x0000000000000180       0xd8 ./FreeRTOS/Source/list.o
 .debug_frame   0x0000000000000258      0x3a8 ./FreeRTOS/Source/queue.o
 .debug_frame   0x0000000000000600      0x754 ./FreeRTOS/Source/tasks.o
 .debug_frame   0x0000000000000d54      0x1a8 ./FreeRTOS/Source/portable/GCC/ARM_CM4F/port.o
 .debug_frame   0x0000000000000efc      0x150 ./FreeRTOS/Source/portable/MemMang/heap_4.o
 .debug_frame   0x000000000000104c       0x80 ./Src/RCC_prog.o
 .debug_frame   0x00000000000010cc      0x118 ./Src/main.o
 .debug_frame   0x00000000000011e4       0x2c c:/st/stm32cubeide_1.12.1/stm32cubeide/plugins/com.st.stm32cube.ide.mcu.externaltools.gnu-tools-for-stm32.10.3-2021.10.win32_1.0.200.202301161003/tools/bin/../lib/gcc/arm-none-eabi/10.3.1/../../../../arm-none-eabi/lib/thumb/v7e-m+fp/hard\libc_nano.a(lib_a-init.o)
 .debug_frame   0x0000000000001210       0x28 c:/st/stm32cubeide_1.12.1/stm32cubeide/plugins/com.st.stm32cube.ide.mcu.externaltools.gnu-tools-for-stm32.10.3-2021.10.win32_1.0.200.202301161003/tools/bin/../lib/gcc/arm-none-eabi/10.3.1/../../../../arm-none-eabi/lib/thumb/v7e-m+fp/hard\libc_nano.a(lib_a-memcpy-stub.o)
 .debug_frame   0x0000000000001238       0x20 c:/st/stm32cubeide_1.12.1/stm32cubeide/plugins/com.st.stm32cube.ide.mcu.externaltools.gnu-tools-for-stm32.10.3-2021.10.win32_1.0.200.202301161003/tools/bin/../lib/gcc/arm-none-eabi/10.3.1/../../../../arm-none-eabi/lib/thumb/v7e-m+fp/hard\libc_nano.a(lib_a-memset.o)
